main.c:118:5:main	8	static
main.c:189:6:SystemClock_Config	160	static
main.c:238:6:HAL_GPIO_EXTI_Callback	16	static
main.c:246:6:HAL_TIM_PeriodElapsedCallback	32	static
main.c:348:6:move	32	static
main.c:379:6:stop	8	static
main.c:390:6:selec_voltage	32	static
main.c:405:6:enviarcuenta	40	static
main.c:436:6:obtenerdatos	16	static
main.c:446:6:reductora	8	static
main.c:457:6:setref	32	static
main.c:484:6:controlador_proporcional	24	static
main.c:494:6:controlador_derivativo	32	static
main.c:504:6:controlador_integrador	32	static
main.c:514:6:controlador_pid	32	static
main.c:525:6:funtion_trasfer	16	static
main.c:538:6:Error_Handler	4	static
