main.c:100:5:main	8	static
main.c:162:6:SystemClock_Config	160	static
main.c:211:6:HAL_GPIO_EXTI_Callback	16	static
main.c:219:6:HAL_TIM_PeriodElapsedCallback	24	static
main.c:285:6:move	32	static
main.c:315:6:stop	8	static
main.c:326:6:selec_voltage	32	static
main.c:341:6:enviarcuenta	32	static
main.c:360:6:obtenerdatos	16	static
main.c:370:6:reductora	8	static
main.c:381:6:setref	16	static
main.c:391:6:controlador_lineal	24	static
main.c:438:6:funtion_trasfer	16	static
main.c:451:6:Error_Handler	4	static
